Archive member included because of file (symbol)

d:/program files (x86)/gnu tools arm embedded/4.7 2013q3/bin/../lib/gcc/arm-none-eabi/4.7.4/armv7e-m\libgcc.a(_arm_addsubsf3.o)
                              ..\obj\tools.o (__aeabi_fsub)
d:/program files (x86)/gnu tools arm embedded/4.7 2013q3/bin/../lib/gcc/arm-none-eabi/4.7.4/armv7e-m\libgcc.a(_arm_muldivsf3.o)
                              ..\obj\tools.o (__aeabi_fmul)
d:/program files (x86)/gnu tools arm embedded/4.7 2013q3/bin/../lib/gcc/arm-none-eabi/4.7.4/armv7e-m\libgcc.a(_arm_cmpsf2.o)
                              ..\obj\tools.o (__aeabi_fcmplt)
d:/program files (x86)/gnu tools arm embedded/4.7 2013q3/bin/../lib/gcc/arm-none-eabi/4.7.4/armv7e-m\libgcc.a(_arm_fixsfsi.o)
                              ..\obj\tools.o (__aeabi_f2iz)

Allocating common symbols
Common symbol       size              file

__exidx_end         0x4               ..\obj\syscalls.o
adc_contscan_value  0x10              ..\obj\adc.o
xfunc_out           0x4               ..\obj\xprintf.o
__exidx_start       0x4               ..\obj\syscalls.o
heap_end            0x4               ..\obj\syscalls.o

Discarded input sections

 .text          0x00000000        0x0 ..\obj\terunet_common.o
 .data          0x00000000        0x0 ..\obj\terunet_common.o
 .bss           0x00000000        0x0 ..\obj\terunet_common.o
 .text.Terunet_ReadSlaveAddr
                0x00000000       0x38 ..\obj\terunet_common.o
 .text.Terunet_ReadSystemVersion
                0x00000000       0x38 ..\obj\terunet_common.o
 .debug_info    0x00000000      0x13d ..\obj\terunet_common.o
 .debug_abbrev  0x00000000       0xa6 ..\obj\terunet_common.o
 .debug_loc     0x00000000       0x70 ..\obj\terunet_common.o
 .debug_aranges
                0x00000000       0x28 ..\obj\terunet_common.o
 .debug_ranges  0x00000000       0x18 ..\obj\terunet_common.o
 .debug_line    0x00000000      0x2dc ..\obj\terunet_common.o
 .debug_str     0x00000000      0x1f0 ..\obj\terunet_common.o
 .comment       0x00000000       0x71 ..\obj\terunet_common.o
 .ARM.attributes
                0x00000000       0x33 ..\obj\terunet_common.o
 .debug_frame   0x00000000       0x50 ..\obj\terunet_common.o
 .text          0x00000000        0x0 ..\obj\semihosting.o
 .data          0x00000000        0x0 ..\obj\semihosting.o
 .bss           0x00000000       0x14 ..\obj\semihosting.o
 .text.SH_SendChar
                0x00000000       0x98 ..\obj\semihosting.o
 .text.SH_SendString
                0x00000000       0x28 ..\obj\semihosting.o
 .text.SH_GetChar
                0x00000000       0x4c ..\obj\semihosting.o
 .debug_info    0x00000000      0x135 ..\obj\semihosting.o
 .debug_abbrev  0x00000000       0xa0 ..\obj\semihosting.o
 .debug_loc     0x00000000       0xa8 ..\obj\semihosting.o
 .debug_aranges
                0x00000000       0x30 ..\obj\semihosting.o
 .debug_ranges  0x00000000       0x20 ..\obj\semihosting.o
 .debug_line    0x00000000       0xe4 ..\obj\semihosting.o
 .debug_str     0x00000000      0x18f ..\obj\semihosting.o
 .comment       0x00000000       0x71 ..\obj\semihosting.o
 .ARM.attributes
                0x00000000       0x33 ..\obj\semihosting.o
 .debug_frame   0x00000000       0x70 ..\obj\semihosting.o
 .text          0x00000000        0x0 ..\obj\stm32f4xx_syscfg.o
 .data          0x00000000        0x0 ..\obj\stm32f4xx_syscfg.o
 .bss           0x00000000        0x0 ..\obj\stm32f4xx_syscfg.o
 .text.SYSCFG_DeInit
                0x00000000       0x20 ..\obj\stm32f4xx_syscfg.o
 .text.SYSCFG_MemoryRemapConfig
                0x00000000       0x20 ..\obj\stm32f4xx_syscfg.o
 .text.SYSCFG_EXTILineConfig
                0x00000000       0xb0 ..\obj\stm32f4xx_syscfg.o
 .text.SYSCFG_ETH_MediaInterfaceConfig
                0x00000000       0x20 ..\obj\stm32f4xx_syscfg.o
 .text.SYSCFG_CompensationCellCmd
                0x00000000       0x20 ..\obj\stm32f4xx_syscfg.o
 .text.SYSCFG_GetCompensationCellStatus
                0x00000000       0x3c ..\obj\stm32f4xx_syscfg.o
 .debug_info    0x00000000      0x275 ..\obj\stm32f4xx_syscfg.o
 .debug_abbrev  0x00000000      0x133 ..\obj\stm32f4xx_syscfg.o
 .debug_loc     0x00000000      0x144 ..\obj\stm32f4xx_syscfg.o
 .debug_aranges
                0x00000000       0x48 ..\obj\stm32f4xx_syscfg.o
 .debug_ranges  0x00000000       0x38 ..\obj\stm32f4xx_syscfg.o
 .debug_line    0x00000000      0x2e8 ..\obj\stm32f4xx_syscfg.o
 .debug_str     0x00000000      0x30c ..\obj\stm32f4xx_syscfg.o
 .comment       0x00000000       0x71 ..\obj\stm32f4xx_syscfg.o
 .ARM.attributes
                0x00000000       0x33 ..\obj\stm32f4xx_syscfg.o
 .debug_frame   0x00000000       0xbc ..\obj\stm32f4xx_syscfg.o
 .text          0x00000000        0x0 ..\obj\04_DIO.o
 .data          0x00000000        0x0 ..\obj\04_DIO.o
 .bss           0x00000000        0x0 ..\obj\04_DIO.o
 .debug_line    0x00000000        0x0 ..\obj\04_DIO.o
 .comment       0x00000000       0x71 ..\obj\04_DIO.o
 .ARM.attributes
[...]
Memory Configuration

Name             Origin             Length             Attributes
rom              0x08000000         0x00100000         xr
ram              0x20000000         0x00020000         xrw
ram1             0x10000000         0x00010000         xrw
*default*        0x00000000         0xffffffff

Linker script and memory map

                0x20020000                _eram = 0x20020000

.text           0x08000000     0x2bcc
 *(.isr_vector .isr_vector.*)
 .isr_vector    0x08000000      0x188 ..\obj\stm32f4xx_Startup.o
                0x08000000                g_pfnVectors
 *(.text .text.* .gnu.linkonce.t.*)
 .text.TIM7_CMT_Init
                0x08000188       0x88 ..\obj\timer.o
                0x08000188                TIM7_CMT_Init
 .text.delay_ms
                0x08000210       0x30 ..\obj\timer.o
                0x08000210                delay_ms
 .text.TIM7_IRQHandler
                0x08000240      0x91c ..\obj\timer.o
                0x08000240                TIM7_IRQHandler
 .text.Default_Reset_Handler
                0x08000b5c       0x7c ..\obj\stm32f4xx_Startup.o
                0x08000b5c                Default_Reset_Handler
                0x08000b5c                Reset_Handler
 .text.Default_Handler
                0x08000bd8        0x8 ..\obj\stm32f4xx_Startup.o
                0x08000bd8                RTC_Alarm_IRQHandler
                0x08000bd8                HASH_RNG_IRQHandler
                0x08000bd8                EXTI2_IRQHandler
                0x08000bd8                TIM8_CC_IRQHandler
                0x08000bd8                DebugMon_Handler
                0x08000bd8                TIM1_CC_IRQHandler
                0x08000bd8                DMA2_Stream5_IRQHandler
                0x08000bd8                DMA1_Stream5_IRQHandler
                0x08000bd8                SysTick_Handler
                0x08000bd8                PVD_IRQHandler
                0x08000bd8                SDIO_IRQHandler
                0x08000bd8                TAMP_STAMP_IRQHandler
                0x08000bd8                PendSV_Handler
                0x08000bd8                NMI_Handler
                0x08000bd8                CAN2_RX1_IRQHandler
                0x08000bd8                EXTI3_IRQHandler
                0x08000bd8                TIM8_TRG_COM_TIM14_IRQHandler
                0x08000bd8                TIM1_UP_TIM10_IRQHandler
                0x08000bd8                TIM8_UP_TIM13_IRQHandler
                0x08000bd8                I2C3_ER_IRQHandler
                0x08000bd8                EXTI0_IRQHandler
                0x08000bd8                I2C2_EV_IRQHandler
                0x08000bd8                DMA1_Stream2_IRQHandler
                0x08000bd8                CAN1_RX0_IRQHandler
                0x08000bd8                FPU_IRQHandler
                0x08000bd8                OTG_HS_WKUP_IRQHandler
                0x08000bd8                UsageFault_Handler
                0x08000bd8                CAN2_SCE_IRQHandler
                0x08000bd8                DMA2_Stream2_IRQHandler
                0x08000bd8                SPI1_IRQHandler
                0x08000bd8                TIM6_DAC_IRQHandler
                0x08000bd8                TIM1_BRK_TIM9_IRQHandler
                0x08000bd8                DCMI_IRQHandler
                0x08000bd8                CAN2_RX0_IRQHandler
                0x08000bd8                DMA2_Stream3_IRQHandler
                0x08000bd8                USART6_IRQHandler
                0x08000bd8                CRYP_IRQHandler
                0x08000bd8                CAN1_RX1_IRQHandler
                0x08000bd8                UART5_IRQHandler
                0x08000bd8                DMA2_Stream0_IRQHandler
                0x08000bd8                TIM4_IRQHandler
                0x08000bd8                I2C1_EV_IRQHandler
                0x08000bd8                DMA1_Stream6_IRQHandler
                0x08000bd8                DMA1_Stream1_IRQHandler
                0x08000bd8                UART4_IRQHandler
                0x08000bd8                TIM3_IRQHandler
                0x08000bd8                RCC_IRQHandler
                0x08000bd8                TIM8_BRK_TIM12_IRQHandler
                0x08000bd8                Default_Handler
                0x08000bd8                EXTI15_10_IRQHandler
                0x08000bd8                ADC_IRQHandler
                0x08000bd8                DMA1_Stream7_IRQHandler
                0x08000bd8                CAN2_TX_IRQHandler
                0x08000bd8                TIM5_IRQHandler
                0x08000bd8                DMA2_Stream7_IRQHandler
                0x08000bd8                I2C3_EV_IRQHandler
                0x08000bd8                EXTI9_5_IRQHandler
                0x08000bd8                RTC_WKUP_IRQHandler
                0x08000bd8                ETH_WKUP_IRQHandler
                0x08000bd8                SPI2_IRQHandler
                0x08000bd8                OTG_HS_EP1_IN_IRQHandler
                0x08000bd8                MemManage_Handler
                0x08000bd8                DMA1_Stream0_IRQHandler
                0x08000bd8                CAN1_TX_IRQHandler
                0x08000bd8                SVC_Handler
                0x08000bd8                EXTI4_IRQHandler
                0x08000bd8                FSMC_IRQHandler
                0x08000bd8                ETH_IRQHandler
                0x08000bd8                OTG_HS_EP1_OUT_IRQHandler
                0x08000bd8                WWDG_IRQHandler
                0x08000bd8                TIM2_IRQHandler
                0x08000bd8                OTG_FS_WKUP_IRQHandler
                0x08000bd8                TIM1_TRG_COM_TIM11_IRQHandler
                0x08000bd8                OTG_HS_IRQHandler
                0x08000bd8                EXTI1_IRQHandler
                0x08000bd8                I2C2_ER_IRQHandler
                0x08000bd8                DMA2_Stream1_IRQHandler
                0x08000bd8                CAN1_SCE_IRQHandler
                0x08000bd8                FLASH_IRQHandler
                0x08000bd8                DMA2_Stream4_IRQHandler
                0x08000bd8                BusFault_Handler
                0x08000bd8                USART1_IRQHandler
                0x08000bd8                OTG_FS_IRQHandler
                0x08000bd8                SPI3_IRQHandler
                0x08000bd8                DMA1_Stream4_IRQHandler
                0x08000bd8                I2C1_ER_IRQHandler
                0x08000bd8                DMA2_Stream6_IRQHandler
                0x08000bd8                DMA1_Stream3_IRQHandler
 .text.USART_ReceiveData
                0x08000be0       0x24 ..\obj\stm32f4xx_usart.o
                0x08000be0                USART_ReceiveData
 .text.USART_GetITStatus
                0x08000c04       0xc4 ..\obj\stm32f4xx_usart.o
                0x08000c04                USART_GetITStatus
 .text.ENC0_Init
                0x08000cc8       0xe0 ..\obj\rotary_encoder.o
                0x08000cc8                ENC0_Init
 .text.ENC1_Init
                0x08000da8       0xd8 ..\obj\rotary_encoder.o
                0x08000da8                ENC1_Init
 .text.ENC2_Init
                0x08000e80       0x50 ..\obj\rotary_encoder.o
                0x08000e80                ENC2_Init
 .text.ENC3_Init
                0x08000ed0       0x50 ..\obj\rotary_encoder.o
                0x08000ed0                ENC3_Init
 .text.RCC_AHB1PeriphClockCmd
                0x08000f20       0x54 ..\obj\stm32f4xx_rcc.o
                0x08000f20                RCC_AHB1PeriphClockCmd
 .text.RCC_APB1PeriphClockCmd
                0x08000f74       0x54 ..\obj\stm32f4xx_rcc.o
                0x08000f74                RCC_APB1PeriphClockCmd
 .text.RCC_APB1PeriphResetCmd
                0x08000fc8       0x54 ..\obj\stm32f4xx_rcc.o
                0x08000fc8                RCC_APB1PeriphResetCmd
 .text.RCC_APB2PeriphResetCmd
                0x0800101c       0x54 ..\obj\stm32f4xx_rcc.o
                0x0800101c                RCC_APB2PeriphResetCmd
 .text.main     0x08001070      0x188 ..\obj\07_RotaryENC.o
                0x08001070                main
 .text.xputc    0x080011f8       0x6c ..\obj\xprintf.o
                0x080011f8                xputc
 .text.xputs    0x08001264       0x2c ..\obj\xprintf.o
                0x08001264                xputs
 .text.xvprintf
                0x08001290      0x390 ..\obj\xprintf.o
 .text.xprintf  0x08001620       0x24 ..\obj\xprintf.o
                0x08001620                xprintf
 .text.GPIO_Init
                0x08001644      0x144 ..\obj\stm32f4xx_gpio.o
                0x08001644                GPIO_Init
 .text.GPIO_PinAFConfig
                0x08001788       0xa8 ..\obj\stm32f4xx_gpio.o
                0x08001788                GPIO_PinAFConfig
 .text          0x08001830       0x30 ..\obj\sh_cmd.o
                0x08001830                SH_DoCommand
                0x08001846                HardFault_Handler
 .text.SystemInit
                0x08001860       0x94 ..\obj\system_stm32f4xx.o
                0x08001860                SystemInit
 .text.SystemCoreClockUpdate
                0x080018f4      0x170 ..\obj\system_stm32f4xx.o
                0x080018f4                SystemCoreClockUpdate
 .text.SetSysClock
                0x08001a64      0x188 ..\obj\system_stm32f4xx.o
 .text.LCD_Send_Command
                0x08001bec       0x60 ..\obj\lcd.o
                0x08001bec                LCD_Send_Command
 .text.LCD_Send_Data
                0x08001c4c       0x60 ..\obj\lcd.o
                0x08001c4c                LCD_Send_Data
 .text.LCD_Init
                0x08001cac      0x180 ..\obj\lcd.o
                0x08001cac                LCD_Init
 .text.LCD_LocatePixel
                0x08001e2c       0x64 ..\obj\lcd.o
 .text.LCD_Clear
                0x08001e90       0x54 ..\obj\lcd.o
                0x08001e90                LCD_Clear
 .text.LCD_LocateChar
                0x08001ee4       0x30 ..\obj\lcd.o
                0x08001ee4                LCD_LocateChar
 .text.LCD_DrawChar
                0x08001f14      0x114 ..\obj\lcd.o
                0x08001f14                LCD_DrawChar
 .text.SPI_Init
                0x08002028       0x88 ..\obj\stm32f4xx_spi.o
                0x08002028                SPI_Init
 .text.SPI_StructInit
                0x080020b0       0x5c ..\obj\stm32f4xx_spi.o
                0x080020b0                SPI_StructInit
 .text.SPI_Cmd  0x0800210c       0x40 ..\obj\stm32f4xx_spi.o
                0x0800210c                SPI_Cmd
 .text.SPI_I2S_GetFlagStatus
                0x0800214c       0x40 ..\obj\stm32f4xx_spi.o
                0x0800214c                SPI_I2S_GetFlagStatus
 .text.NVIC_Init
                0x0800218c       0xe4 ..\obj\misc.o
                0x0800218c                NVIC_Init
 .text.TIM_DeInit
                0x08002270      0x238 ..\obj\stm32f4xx_tim.o
                0x08002270                TIM_DeInit
 .text.TIM_TimeBaseInit
                0x080024a8       0xf4 ..\obj\stm32f4xx_tim.o
                0x080024a8                TIM_TimeBaseInit
 .text.TIM_Cmd  0x0800259c       0x40 ..\obj\stm32f4xx_tim.o
                0x0800259c                TIM_Cmd
 .text.TIM_ITConfig
                0x080025dc       0x48 ..\obj\stm32f4xx_tim.o
                0x080025dc                TIM_ITConfig
 .text.TIM_EncoderInterfaceConfig
                0x08002624       0x94 ..\obj\stm32f4xx_tim.o
                0x08002624                TIM_EncoderInterfaceConfig
 .text.USART2_IRQHandler
                0x080026b8       0x74 ..\obj\usart.o
                0x080026b8                USART2_IRQHandler
 .text.USART3_IRQHandler
                0x0800272c       0x74 ..\obj\usart.o
                0x0800272c                USART3_IRQHandler
 *(.glue_7t)
 .glue_7t       0x00000000        0x0 linker stubs
 *(.glue_7)
 .glue_7        0x00000000        0x0 linker stubs
 *(.rodata .rodata* .gnu.linkonce.r.*)
 .rodata        0x080027a0       0x40 ..\obj\timer.o
 .rodata        0x080027e0       0x1c ..\obj\07_RotaryENC.o
 .rodata        0x080027fc       0xc0 ..\obj\digitalIO.o
                0x080027fc                DIO_ODR_ADDR_BB
                0x0800285c                DIO_IDR_ADDR_BB
 .rodata        0x080028bc      0x310 ..\obj\lcd.o
                0x080028bc                tri_S_uchrFont6x8_90

.vfp11_veneer   0x08002bcc        0x0
 .vfp11_veneer  0x00000000        0x0 linker stubs

.v4_bx          0x08002bcc        0x0
 .v4_bx         0x00000000        0x0 linker stubs

.iplt           0x08002bcc        0x0
 .iplt          0x00000000        0x0 ..\obj\terunet_common.o

.rel.dyn        0x08002bcc        0x0
 .rel.iplt      0x00000000        0x0 ..\obj\terunet_common.o

.ARM.extab
 *(.ARM.extab* .gnu.linkonce.armextab.*)
                0x08002bcc                __exidx_start = .

.ARM.exidx
 *(.ARM.exidx* .gnu.linkonce.armexidx.*)
                0x08002bcc                __exidx_end = .
                0x08002bcc                . = ALIGN (0x4)
                0x08002bcc                _etext = .
                0x08002bcc                _sidata = .

.data           0x20000000       0x14 load address 0x08002bcc
                0x20000000                _sdata = .
 *(.data .data.*)
 .data          0x20000000       0x14 ..\obj\system_stm32f4xx.o
                0x20000000                SystemCoreClock
                0x20000004                AHBPrescTable
                0x20000014                . = ALIGN (0x4)
                0x20000014                _edata = .

.igot.plt       0x20000014        0x0 load address 0x08002be0
 .igot.plt      0x00000000        0x0 ..\obj\terunet_common.o

.bss            0x20000014       0xf4 load address 0x08002be0
                0x20000014                _sbss = .
 *(.bss .bss.*)
 .bss           0x20000014       0x10 ..\obj\timer.o
                0x20000014                gSystemTimer_ms
 .bss           0x20000024        0x4 ..\obj\rotary_encoder.o
                0x20000024                gENC2_CNT
                0x20000026                gENC3_CNT
 .bss           0x20000028       0x9c ..\obj\motor.o
                0x20000028                gMotor_status
 .bss           0x200000c4        0x4 ..\obj\xprintf.o
 .bss           0x200000c8        0x4 ..\obj\lcd.o
 .bss           0x200000cc       0x38 ..\obj\usart.o
 *(COMMON)
 COMMON         0x20000104        0x4 ..\obj\xprintf.o
                0x20000104                xfunc_out
                0x20000108                . = ALIGN (0x4)
                0x20000108                _ebss = .

.co_stack       0x20000108    0x10000 load address 0x08002cd4
                0x20000108                . = ALIGN (0x8)
 *(.co_stack .co_stack.*)
 .co_stack      0x20000108    0x10000 ..\obj\stm32f4xx_Startup.o
                0x20000108                pulStack
                0x20010108                . = ALIGN (0x4)
                0x20010108                _end = .
LOAD ..\obj\terunet_common.o
LOAD ..\obj\semihosting.o
LOAD ..\obj\stm32f4xx_syscfg.o
LOAD ..\obj\04_DIO.o
LOAD ..\obj\stm32f4xx_sdio.o
LOAD ..\obj\motherboard.o
LOAD ..\obj\pspad.o
LOAD ..\obj\stm32f4xx_cryp_aes.o
LOAD ..\obj\stm32f4xx_hash.o
LOAD ..\obj\stm32f4xx_hash_sha1.o
LOAD ..\obj\timer.o
LOAD ..\obj\stm32f4xx_Startup.o
LOAD ..\obj\stm32f4xx_usart.o
LOAD ..\obj\stm32f4xx_pwr.o
LOAD ..\obj\stm32f4xx_can.o
LOAD ..\obj\rotary_encoder.o
LOAD ..\obj\stm32f4xx_wwdg.o
LOAD ..\obj\stm32f4xx_hash_md5.o
LOAD ..\obj\stm32f4xx_dac.o
LOAD ..\obj\00_Model.o
LOAD ..\obj\02_PSpad.o
LOAD ..\obj\stm32f4xx_crc.o
LOAD ..\obj\stm32f4xx_iwdg.o
LOAD ..\obj\stm32f4xx_rcc.o
LOAD ..\obj\05_MotherBoard.o
LOAD ..\obj\stm32f4xx_adc.o
LOAD ..\obj\stm32f4xx_dcmi.o
LOAD ..\obj\07_RotaryENC.o
LOAD ..\obj\motor.o
LOAD ..\obj\digitalIO.o
LOAD ..\obj\stm32f4xx_cryp_des.o
LOAD ..\obj\xprintf.o
LOAD ..\obj\stm32f4xx_cryp.o
LOAD ..\obj\stm32f4xx_fsmc.o
LOAD ..\obj\01_LCD.o
LOAD ..\obj\stm32f4xx_gpio.o
LOAD ..\obj\stm32f4xx_flash.o
LOAD ..\obj\sh_cmd.o
LOAD ..\obj\system_stm32f4xx.o
LOAD ..\obj\syscalls.o
LOAD ..\obj\stm32f4xx_dma.o
LOAD ..\obj\tools.o
LOAD ..\obj\adc.o
LOAD ..\obj\terunet.o
LOAD ..\obj\lcd.o
LOAD ..\obj\stm32f4xx_spi.o
LOAD ..\obj\03_ADC.o
LOAD ..\obj\stm32f4xx_i2c.o
LOAD ..\obj\stm32f4xx_rng.o
LOAD ..\obj\stm32f4xx_exti.o
LOAD ..\obj\misc.o
LOAD ..\obj\06_MotorDrive.o
LOAD ..\obj\stm32f4xx_rtc.o
LOAD ..\obj\terunet_motorDriver.o
LOAD ..\obj\stm32f4xx_cryp_tdes.o
LOAD ..\obj\stm32f4xx_tim.o
LOAD ..\obj\stm32f4xx_dbgmcu.o
LOAD ..\obj\usart.o
START GROUP
LOAD d:/program files (x86)/gnu tools arm embedded/4.7 2013q3/bin/../lib/gcc/arm-none-eabi/4.7.4/armv7e-m\libgcc.a
LOAD d:/program files (x86)/gnu tools arm embedded/4.7 2013q3/bin/../lib/gcc/arm-none-eabi/4.7.4/../../../../arm-none-eabi/lib/armv7e-m\libg.a
LOAD d:/program files (x86)/gnu tools arm embedded/4.7 2013q3/bin/../lib/gcc/arm-none-eabi/4.7.4/../../../../arm-none-eabi/lib/armv7e-m\libc.a
END GROUP
OUTPUT(RCsemiSTM32F4_Ver130.elf elf32-littlearm)

.debug_info     0x00000000     0x8393
 .debug_info    0x00000000      0x82f ..\obj\timer.o
 .debug_info    0x0000082f      0x333 ..\obj\stm32f4xx_Startup.o
 .debug_info    0x00000b62      0xa60 ..\obj\stm32f4xx_usart.o
 .debug_info    0x000015c2      0x5f8 ..\obj\rotary_encoder.o
 .debug_info    0x00001bba      0xd37 ..\obj\stm32f4xx_rcc.o
 .debug_info    0x000028f1      0x363 ..\obj\07_RotaryENC.o
 .debug_info    0x00002c54      0x20b ..\obj\motor.o
 .debug_info    0x00002e5f      0x3b2 ..\obj\digitalIO.o
 .debug_info    0x00003211      0x3a4 ..\obj\xprintf.o
 .debug_info    0x000035b5      0x642 ..\obj\stm32f4xx_gpio.o
 .debug_info    0x00003bf7      0x11c ..\obj\sh_cmd.o
 .debug_info    0x00003d13      0x5f4 ..\obj\system_stm32f4xx.o
 .debug_info    0x00004307      0x6c4 ..\obj\lcd.o
 .debug_info    0x000049cb      0xbd9 ..\obj\stm32f4xx_spi.o
 .debug_info    0x000055a4      0x590 ..\obj\misc.o
 .debug_info    0x00005b34     0x1e78 ..\obj\stm32f4xx_tim.o
 .debug_info    0x000079ac      0x9e7 ..\obj\usart.o

.debug_abbrev   0x00000000     0x1556
 .debug_abbrev  0x00000000      0x180 ..\obj\timer.o
 .debug_abbrev  0x00000180      0x11c ..\obj\stm32f4xx_Startup.o
 .debug_abbrev  0x0000029c      0x157 ..\obj\stm32f4xx_usart.o
 .debug_abbrev  0x000003f3      0x105 ..\obj\rotary_encoder.o
 .debug_abbrev  0x000004f8      0x1e5 ..\obj\stm32f4xx_rcc.o
 .debug_abbrev  0x000006dd       0xee ..\obj\07_RotaryENC.o
 .debug_abbrev  0x000007cb      0x100 ..\obj\motor.o
 .debug_abbrev  0x000008cb      0x137 ..\obj\digitalIO.o
 .debug_abbrev  0x00000a02      0x117 ..\obj\xprintf.o
 .debug_abbrev  0x00000b19      0x198 ..\obj\stm32f4xx_gpio.o
 .debug_abbrev  0x00000cb1       0x14 ..\obj\sh_cmd.o
 .debug_abbrev  0x00000cc5      0x138 ..\obj\system_stm32f4xx.o
 .debug_abbrev  0x00000dfd      0x181 ..\obj\lcd.o
 .debug_abbrev  0x00000f7e      0x169 ..\obj\stm32f4xx_spi.o
 .debug_abbrev  0x000010e7      0x129 ..\obj\misc.o
 .debug_abbrev  0x00001210      0x189 ..\obj\stm32f4xx_tim.o
 .debug_abbrev  0x00001399      0x1bd ..\obj\usart.o

.debug_loc      0x00000000     0x37d2
 .debug_loc     0x00000000       0xa8 ..\obj\timer.o
 .debug_loc     0x000000a8       0x64 ..\obj\stm32f4xx_Startup.o
 .debug_loc     0x0000010c      0x658 ..\obj\stm32f4xx_usart.o
 .debug_loc     0x00000764       0xe0 ..\obj\rotary_encoder.o
 .debug_loc     0x00000844      0x97c ..\obj\stm32f4xx_rcc.o
 .debug_loc     0x000011c0       0x38 ..\obj\07_RotaryENC.o
 .debug_loc     0x000011f8       0x70 ..\obj\motor.o
 .debug_loc     0x00001268       0xa8 ..\obj\digitalIO.o
 .debug_loc     0x00001310      0x1e6 ..\obj\xprintf.o
 .debug_loc     0x000014f6      0x310 ..\obj\stm32f4xx_gpio.o
 .debug_loc     0x00001806       0x9c ..\obj\system_stm32f4xx.o
 .debug_loc     0x000018a2      0x1f8 ..\obj\lcd.o
 .debug_loc     0x00001a9a      0x578 ..\obj\stm32f4xx_spi.o
 .debug_loc     0x00002012      0x118 ..\obj\misc.o
 .debug_loc     0x0000212a     0x1420 ..\obj\stm32f4xx_tim.o
 .debug_loc     0x0000354a      0x288 ..\obj\usart.o

.debug_aranges  0x00000000      0x9a0
 .debug_aranges
                0x00000000       0x30 ..\obj\timer.o
 .debug_aranges
                0x00000030       0x28 ..\obj\stm32f4xx_Startup.o
 .debug_aranges
                0x00000058      0x100 ..\obj\stm32f4xx_usart.o
 .debug_aranges
                0x00000158       0x38 ..\obj\rotary_encoder.o
 .debug_aranges
                0x00000190      0x178 ..\obj\stm32f4xx_rcc.o
 .debug_aranges
                0x00000308       0x20 ..\obj\07_RotaryENC.o
 .debug_aranges
                0x00000328       0x28 ..\obj\motor.o
 .debug_aranges
                0x00000350       0x30 ..\obj\digitalIO.o
 .debug_aranges
                0x00000380       0x58 ..\obj\xprintf.o
 .debug_aranges
                0x000003d8       0x88 ..\obj\stm32f4xx_gpio.o
 .debug_aranges
                0x00000460       0x20 ..\obj\sh_cmd.o
 .debug_aranges
                0x00000480       0x30 ..\obj\system_stm32f4xx.o
 .debug_aranges
                0x000004b0       0x60 ..\obj\lcd.o
 .debug_aranges
                0x00000510       0xe0 ..\obj\stm32f4xx_spi.o
 .debug_aranges
                0x000005f0       0x40 ..\obj\misc.o
 .debug_aranges
                0x00000630      0x2f8 ..\obj\stm32f4xx_tim.o
 .debug_aranges
                0x00000928       0x78 ..\obj\usart.o

.debug_ranges   0x00000000      0x880
 .debug_ranges  0x00000000       0x20 ..\obj\timer.o
 .debug_ranges  0x00000020       0x18 ..\obj\stm32f4xx_Startup.o
 .debug_ranges  0x00000038       0xf0 ..\obj\stm32f4xx_usart.o
 .debug_ranges  0x00000128       0x28 ..\obj\rotary_encoder.o
 .debug_ranges  0x00000150      0x168 ..\obj\stm32f4xx_rcc.o
 .debug_ranges  0x000002b8       0x10 ..\obj\07_RotaryENC.o
 .debug_ranges  0x000002c8       0x18 ..\obj\motor.o
 .debug_ranges  0x000002e0       0x20 ..\obj\digitalIO.o
 .debug_ranges  0x00000300       0x48 ..\obj\xprintf.o
 .debug_ranges  0x00000348       0x78 ..\obj\stm32f4xx_gpio.o
 .debug_ranges  0x000003c0       0x20 ..\obj\system_stm32f4xx.o
 .debug_ranges  0x000003e0       0x50 ..\obj\lcd.o
 .debug_ranges  0x00000430       0xd0 ..\obj\stm32f4xx_spi.o
 .debug_ranges  0x00000500       0x30 ..\obj\misc.o
 .debug_ranges  0x00000530      0x2e8 ..\obj\stm32f4xx_tim.o
 .debug_ranges  0x00000818       0x68 ..\obj\usart.o

.debug_line     0x00000000     0x4af2
 .debug_line    0x00000000      0x443 ..\obj\timer.o
 .debug_line    0x00000443      0x205 ..\obj\stm32f4xx_Startup.o
 .debug_line    0x00000648      0x5dd ..\obj\stm32f4xx_usart.o
 .debug_line    0x00000c25      0x36e ..\obj\rotary_encoder.o
 .debug_line    0x00000f93      0x6d4 ..\obj\stm32f4xx_rcc.o
 .debug_line    0x00001667      0x33c ..\obj\07_RotaryENC.o
 .debug_line    0x000019a3      0x31e ..\obj\motor.o
 .debug_line    0x00001cc1      0x3f1 ..\obj\digitalIO.o
 .debug_line    0x000020b2      0x2ff ..\obj\xprintf.o
 .debug_line    0x000023b1      0x478 ..\obj\stm32f4xx_gpio.o
 .debug_line    0x00002829       0xba ..\obj\sh_cmd.o
 .debug_line    0x000028e3      0x2d3 ..\obj\system_stm32f4xx.o
 .debug_line    0x00002bb6      0x4b5 ..\obj\lcd.o
 .debug_line    0x0000306b      0x58c ..\obj\stm32f4xx_spi.o
 .debug_line    0x000035f7      0x37e ..\obj\misc.o
 .debug_line    0x00003975      0xbb2 ..\obj\stm32f4xx_tim.o
 .debug_line    0x00004527      0x5cb ..\obj\usart.o

.debug_str      0x00000000     0x3247
 .debug_str     0x00000000      0x910 ..\obj\timer.o
                                0x951 (size before relaxing)
 .debug_str     0x00000910      0x148 ..\obj\stm32f4xx_Startup.o
                                0x24e (size before relaxing)
 .debug_str     0x00000a58      0x50d ..\obj\stm32f4xx_usart.o
                                0x69c (size before relaxing)
 .debug_str     0x00000f65      0x235 ..\obj\rotary_encoder.o
                                0x4bc (size before relaxing)
 .debug_str     0x0000119a      0x64d ..\obj\stm32f4xx_rcc.o
                                0x854 (size before relaxing)
 .debug_str     0x000017e7       0x85 ..\obj\07_RotaryENC.o
                                0x276 (size before relaxing)
 .debug_str     0x0000186c       0x9d ..\obj\motor.o
                                0x1e5 (size before relaxing)
 .debug_str     0x00001909       0xa3 ..\obj\digitalIO.o
                                0x35f (size before relaxing)
 .debug_str     0x000019ac      0x166 ..\obj\xprintf.o
                                0x20f (size before relaxing)
 .debug_str     0x00001b12      0x20d ..\obj\stm32f4xx_gpio.o
                                0x4b0 (size before relaxing)
 .debug_str     0x00001d1f      0x115 ..\obj\system_stm32f4xx.o
                                0x39e (size before relaxing)
 .debug_str     0x00001e34      0x1f9 ..\obj\lcd.o
                                0x511 (size before relaxing)
 .debug_str     0x0000202d      0x367 ..\obj\stm32f4xx_spi.o
                                0x697 (size before relaxing)
 .debug_str     0x00002394      0x1cb ..\obj\misc.o
                                0x3e6 (size before relaxing)
 .debug_str     0x0000255f      0xaf0 ..\obj\stm32f4xx_tim.o
                                0xddd (size before relaxing)
 .debug_str     0x0000304f      0x1f8 ..\obj\usart.o
                                0xb36 (size before relaxing)

.comment        0x00000000       0x70
 .comment       0x00000000       0x70 ..\obj\timer.o
                                 0x71 (size before relaxing)
 .comment       0x00000000       0x71 ..\obj\stm32f4xx_Startup.o
 .comment       0x00000000       0x71 ..\obj\stm32f4xx_usart.o
 .comment       0x00000000       0x71 ..\obj\rotary_encoder.o
 .comment       0x00000000       0x71 ..\obj\stm32f4xx_rcc.o
 .comment       0x00000000       0x71 ..\obj\07_RotaryENC.o
 .comment       0x00000000       0x71 ..\obj\motor.o
 .comment       0x00000000       0x71 ..\obj\digitalIO.o
 .comment       0x00000000       0x71 ..\obj\xprintf.o
 .comment       0x00000000       0x71 ..\obj\stm32f4xx_gpio.o
 .comment       0x00000000       0x71 ..\obj\system_stm32f4xx.o
 .comment       0x00000000       0x71 ..\obj\lcd.o
 .comment       0x00000000       0x71 ..\obj\stm32f4xx_spi.o
 .comment       0x00000000       0x71 ..\obj\misc.o
 .comment       0x00000000       0x71 ..\obj\stm32f4xx_tim.o
 .comment       0x00000000       0x71 ..\obj\usart.o

.ARM.attributes
                0x00000000       0x31
 .ARM.attributes
                0x00000000       0x33 ..\obj\timer.o
 .ARM.attributes
                0x00000033       0x33 ..\obj\stm32f4xx_Startup.o
 .ARM.attributes
                0x00000066       0x33 ..\obj\stm32f4xx_usart.o
 .ARM.attributes
                0x00000099       0x33 ..\obj\rotary_encoder.o
 .ARM.attributes
                0x000000cc       0x33 ..\obj\stm32f4xx_rcc.o
 .ARM.attributes
                0x000000ff       0x33 ..\obj\07_RotaryENC.o
 .ARM.attributes
                0x00000132       0x33 ..\obj\motor.o
 .ARM.attributes
                0x00000165       0x33 ..\obj\digitalIO.o
 .ARM.attributes
                0x00000198       0x33 ..\obj\xprintf.o
 .ARM.attributes
                0x000001cb       0x33 ..\obj\stm32f4xx_gpio.o
 .ARM.attributes
                0x000001fe       0x21 ..\obj\sh_cmd.o
 .ARM.attributes
                0x0000021f       0x33 ..\obj\system_stm32f4xx.o
 .ARM.attributes
                0x00000252       0x33 ..\obj\lcd.o
 .ARM.attributes
                0x00000285       0x33 ..\obj\stm32f4xx_spi.o
 .ARM.attributes
                0x000002b8       0x33 ..\obj\misc.o
 .ARM.attributes
                0x000002eb       0x33 ..\obj\stm32f4xx_tim.o
 .ARM.attributes
                0x0000031e       0x33 ..\obj\usart.o

.debug_frame    0x00000000     0x1dd8
 .debug_frame   0x00000000       0x6c ..\obj\timer.o
 .debug_frame   0x0000006c       0x48 ..\obj\stm32f4xx_Startup.o
 .debug_frame   0x000000b4      0x344 ..\obj\stm32f4xx_usart.o
 .debug_frame   0x000003f8       0x90 ..\obj\rotary_encoder.o
 .debug_frame   0x00000488      0x4d8 ..\obj\stm32f4xx_rcc.o
 .debug_frame   0x00000960       0x30 ..\obj\07_RotaryENC.o
 .debug_frame   0x00000990       0x4c ..\obj\motor.o
 .debug_frame   0x000009dc       0x70 ..\obj\digitalIO.o
 .debug_frame   0x00000a4c      0x128 ..\obj\xprintf.o
 .debug_frame   0x00000b74      0x19c ..\obj\stm32f4xx_gpio.o
 .debug_frame   0x00000d10       0x64 ..\obj\system_stm32f4xx.o
 .debug_frame   0x00000d74      0x12c ..\obj\lcd.o
 .debug_frame   0x00000ea0      0x2d0 ..\obj\stm32f4xx_spi.o
 .debug_frame   0x00001170       0x9c ..\obj\misc.o
 .debug_frame   0x0000120c      0xa3c ..\obj\stm32f4xx_tim.o
 .debug_frame   0x00001c48      0x190 ..\obj\usart.o
